2026-07-18 00:56:20,255 [INFO] werkzeug: [31m[1mWARNING: This is a development server. Do not use it in a production deployment. Use a production WSGI server instead.[0m
 * Running on all addresses (0.0.0.0)
 * Running on http://127.0.0.1:5000
 * Running on http://192.168.0.111:5000
2026-07-18 00:56:20,258 [INFO] werkzeug: [33mPress CTRL+C to quit[0m
2026-07-18 01:01:42,995 [INFO] firebase_config: Firebase initialised with service account credentials
2026-07-18 01:01:43,830 [INFO] firebase_config: All 4 departments already exist – skipping
2026-07-18 01:01:43,928 [INFO] firebase_config: All 16 SLA policies already exist – skipping
2026-07-18 01:01:44,631 [INFO] apscheduler.scheduler: Adding job tentatively -- it will be properly scheduled when the scheduler starts
2026-07-18 01:01:44,653 [INFO] apscheduler.scheduler: Added job "check_breaches" to job store "default"
2026-07-18 01:01:44,653 [INFO] apscheduler.scheduler: Scheduler started
2026-07-18 01:01:44,655 [INFO] sla: SLA escalation worker started – polling every 60s
2026-07-18 01:01:44,885 [INFO] werkzeug: 127.0.0.1 - - [18/Jul/2026 01:01:44] "GET / HTTP/1.1" 200 -
2026-07-18 01:02:44,636 [INFO] apscheduler.executors.default: Running job "check_breaches (trigger: interval[0:01:00], next run at: 2026-07-18 01:02:44 IST)" (scheduled at 2026-07-18 01:02:44.631308+05:30)
2026-07-18 01:02:44,638 [ERROR] apscheduler.executors.default: Job "check_breaches (trigger: interval[0:01:00], next run at: 2026-07-18 01:03:44 IST)" raised an exception
Traceback (most recent call last):
  File "C:\Users\DELL\AppData\Roaming\Python\Python314\site-packages\apscheduler\executors\base.py", line 125, in run_job
    retval = job.func(*job.args, **job.kwargs)
  File "C:\Projects\Customer issue dashboard\sla.py", line 109, in check_breaches
    now = datetime.now(timezone.utc)
          ^^^^^^^^
NameError: name 'datetime' is not defined. Did you forget to import 'datetime'?
2026-07-18 01:03:44,636 [INFO] apscheduler.executors.default: Running job "check_breaches (trigger: interval[0:01:00], next run at: 2026-07-18 01:04:44 IST)" (scheduled at 2026-07-18 01:03:44.631308+05:30)
2026-07-18 01:03:44,638 [ERROR] apscheduler.executors.default: Job "check_breaches (trigger: interval[0:01:00], next run at: 2026-07-18 01:04:44 IST)" raised an exception
Traceback (most recent call last):
  File "C:\Users\DELL\AppData\Roaming\Python\Python314\site-packages\apscheduler\executors\base.py", line 125, in run_job
    retval = job.func(*job.args, **job.kwargs)
  File "C:\Projects\Customer issue dashboard\sla.py", line 109, in check_breaches
    now = datetime.now(timezone.utc)
          ^^^^^^^^
NameError: name 'datetime' is not defined. Did you forget to import 'datetime'?
2026-07-18 01:04:44,638 [INFO] apscheduler.executors.default: Running job "check_breaches (trigger: interval[0:01:00], next run at: 2026-07-18 01:05:44 IST)" (scheduled at 2026-07-18 01:04:44.631308+05:30)
2026-07-18 01:04:44,642 [ERROR] apscheduler.executors.default: Job "check_breaches (trigger: interval[0:01:00], next run at: 2026-07-18 01:05:44 IST)" raised an exception
Traceback (most recent call last):
  File "C:\Users\DELL\AppData\Roaming\Python\Python314\site-packages\apscheduler\executors\base.py", line 125, in run_job
    retval = job.func(*job.args, **job.kwargs)
  File "C:\Projects\Customer issue dashboard\sla.py", line 109, in check_breaches
    now = datetime.now(timezone.utc)
          ^^^^^^^^
NameError: name 'datetime' is not defined. Did you forget to import 'datetime'?
2026-07-18 01:05:44,645 [INFO] apscheduler.executors.default: Running job "check_breaches (trigger: interval[0:01:00], next run at: 2026-07-18 01:06:44 IST)" (scheduled at 2026-07-18 01:05:44.631308+05:30)
2026-07-18 01:05:44,646 [ERROR] apscheduler.executors.default: Job "check_breaches (trigger: interval[0:01:00], next run at: 2026-07-18 01:06:44 IST)" raised an exception
Traceback (most recent call last):
  File "C:\Users\DELL\AppData\Roaming\Python\Python314\site-packages\apscheduler\executors\base.py", line 125, in run_job
    retval = job.func(*job.args, **job.kwargs)
  File "C:\Projects\Customer issue dashboard\sla.py", line 109, in check_breaches
    now = datetime.now(timezone.utc)
          ^^^^^^^^
NameError: name 'datetime' is not defined. Did you forget to import 'datetime'?
2026-07-18 01:06:44,634 [INFO] apscheduler.executors.default: Running job "check_breaches (trigger: interval[0:01:00], next run at: 2026-07-18 01:07:44 IST)" (scheduled at 2026-07-18 01:06:44.631308+05:30)
2026-07-18 01:06:44,635 [ERROR] apscheduler.executors.default: Job "check_breaches (trigger: interval[0:01:00], next run at: 2026-07-18 01:07:44 IST)" raised an exception
Traceback (most recent call last):
  File "C:\Users\DELL\AppData\Roaming\Python\Python314\site-packages\apscheduler\executors\base.py", line 125, in run_job
    retval = job.func(*job.args, **job.kwargs)
  File "C:\Projects\Customer issue dashboard\sla.py", line 109, in check_breaches
    now = datetime.now(timezone.utc)
          ^^^^^^^^
NameError: name 'datetime' is not defined. Did you forget to import 'datetime'?
2026-07-18 01:07:44,636 [INFO] apscheduler.executors.default: Running job "check_breaches (trigger: interval[0:01:00], next run at: 2026-07-18 01:08:44 IST)" (scheduled at 2026-07-18 01:07:44.631308+05:30)
2026-07-18 01:07:44,638 [ERROR] apscheduler.executors.default: Job "check_breaches (trigger: interval[0:01:00], next run at: 2026-07-18 01:08:44 IST)" raised an exception
Traceback (most recent call last):
  File "C:\Users\DELL\AppData\Roaming\Python\Python314\site-packages\apscheduler\executors\base.py", line 125, in run_job
    retval = job.func(*job.args, **job.kwargs)
  File "C:\Projects\Customer issue dashboard\sla.py", line 109, in check_breaches
    now = datetime.now(timezone.utc)
          ^^^^^^^^
NameError: name 'datetime' is not defined. Did you forget to import 'datetime'?
2026-07-18 01:08:44,634 [INFO] apscheduler.executors.default: Running job "check_breaches (trigger: interval[0:01:00], next run at: 2026-07-18 01:09:44 IST)" (scheduled at 2026-07-18 01:08:44.631308+05:30)
2026-07-18 01:08:44,636 [ERROR] apscheduler.executors.default: Job "check_breaches (trigger: interval[0:01:00], next run at: 2026-07-18 01:09:44 IST)" raised an exception
Traceback (most recent call last):
  File "C:\Users\DELL\AppData\Roaming\Python\Python314\site-packages\apscheduler\executors\base.py", line 125, in run_job
    retval = job.func(*job.args, **job.kwargs)
  File "C:\Projects\Customer issue dashboard\sla.py", line 109, in check_breaches
    now = datetime.now(timezone.utc)
          ^^^^^^^^
NameError: name 'datetime' is not defined. Did you forget to import 'datetime'?
2026-07-18 01:09:44,639 [INFO] apscheduler.executors.default: Running job "check_breaches (trigger: interval[0:01:00], next run at: 2026-07-18 01:10:44 IST)" (scheduled at 2026-07-18 01:09:44.631308+05:30)
2026-07-18 01:09:44,642 [ERROR] apscheduler.executors.default: Job "check_breaches (trigger: interval[0:01:00], next run at: 2026-07-18 01:10:44 IST)" raised an exception
Traceback (most recent call last):
  File "C:\Users\DELL\AppData\Roaming\Python\Python314\site-packages\apscheduler\executors\base.py", line 125, in run_job
    retval = job.func(*job.args, **job.kwargs)
  File "C:\Projects\Customer issue dashboard\sla.py", line 109, in check_breaches
    now = datetime.now(timezone.utc)
          ^^^^^^^^
NameError: name 'datetime' is not defined. Did you forget to import 'datetime'?
2026-07-18 01:10:44,638 [INFO] apscheduler.executors.default: Running job "check_breaches (trigger: interval[0:01:00], next run at: 2026-07-18 01:11:44 IST)" (scheduled at 2026-07-18 01:10:44.631308+05:30)
2026-07-18 01:10:44,640 [ERROR] apscheduler.executors.default: Job "check_breaches (trigger: interval[0:01:00], next run at: 2026-07-18 01:11:44 IST)" raised an exception
Traceback (most recent call last):
  File "C:\Users\DELL\AppData\Roaming\Python\Python314\site-packages\apscheduler\executors\base.py", line 125, in run_job
    retval = job.func(*job.args, **job.kwargs)
  File "C:\Projects\Customer issue dashboard\sla.py", line 109, in check_breaches
    now = datetime.now(timezone.utc)
          ^^^^^^^^
NameError: name 'datetime' is not defined. Did you forget to import 'datetime'?
2026-07-18 01:11:44,646 [INFO] apscheduler.executors.default: Running job "check_breaches (trigger: interval[0:01:00], next run at: 2026-07-18 01:12:44 IST)" (scheduled at 2026-07-18 01:11:44.631308+05:30)
2026-07-18 01:11:44,647 [ERROR] apscheduler.executors.default: Job "check_breaches (trigger: interval[0:01:00], next run at: 2026-07-18 01:12:44 IST)" raised an exception
Traceback (most recent call last):
  File "C:\Users\DELL\AppData\Roaming\Python\Python314\site-packages\apscheduler\executors\base.py", line 125, in run_job
    retval = job.func(*job.args, **job.kwargs)
  File "C:\Projects\Customer issue dashboard\sla.py", line 109, in check_breaches
    now = datetime.now(timezone.utc)
          ^^^^^^^^
NameError: name 'datetime' is not defined. Did you forget to import 'datetime'?
2026-07-18 01:12:44,647 [INFO] apscheduler.executors.default: Running job "check_breaches (trigger: interval[0:01:00], next run at: 2026-07-18 01:13:44 IST)" (scheduled at 2026-07-18 01:12:44.631308+05:30)
2026-07-18 01:12:44,665 [ERROR] apscheduler.executors.default: Job "check_breaches (trigger: interval[0:01:00], next run at: 2026-07-18 01:13:44 IST)" raised an exception
Traceback (most recent call last):
  File "C:\Users\DELL\AppData\Roaming\Python\Python314\site-packages\apscheduler\executors\base.py", line 125, in run_job
    retval = job.func(*job.args, **job.kwargs)
  File "C:\Projects\Customer issue dashboard\sla.py", line 109, in check_breaches
    now = datetime.now(timezone.utc)
          ^^^^^^^^
NameError: name 'datetime' is not defined. Did you forget to import 'datetime'?
2026-07-18 01:13:44,640 [INFO] apscheduler.executors.default: Running job "check_breaches (trigger: interval[0:01:00], next run at: 2026-07-18 01:14:44 IST)" (scheduled at 2026-07-18 01:13:44.631308+05:30)
2026-07-18 01:13:44,704 [ERROR] apscheduler.executors.default: Job "check_breaches (trigger: interval[0:01:00], next run at: 2026-07-18 01:14:44 IST)" raised an exception
Traceback (most recent call last):
  File "C:\Users\DELL\AppData\Roaming\Python\Python314\site-packages\apscheduler\executors\base.py", line 125, in run_job
    retval = job.func(*job.args, **job.kwargs)
  File "C:\Projects\Customer issue dashboard\sla.py", line 109, in check_breaches
    now = datetime.now(timezone.utc)
          ^^^^^^^^
NameError: name 'datetime' is not defined. Did you forget to import 'datetime'?
2026-07-18 01:14:44,645 [INFO] apscheduler.executors.default: Running job "check_breaches (trigger: interval[0:01:00], next run at: 2026-07-18 01:15:44 IST)" (scheduled at 2026-07-18 01:14:44.631308+05:30)
2026-07-18 01:14:44,647 [ERROR] apscheduler.executors.default: Job "check_breaches (trigger: interval[0:01:00], next run at: 2026-07-18 01:15:44 IST)" raised an exception
Traceback (most recent call last):
  File "C:\Users\DELL\AppData\Roaming\Python\Python314\site-packages\apscheduler\executors\base.py", line 125, in run_job
    retval = job.func(*job.args, **job.kwargs)
  File "C:\Projects\Customer issue dashboard\sla.py", line 109, in check_breaches
    now = datetime.now(timezone.utc)
          ^^^^^^^^
NameError: name 'datetime' is not defined. Did you forget to import 'datetime'?
2026-07-18 01:15:44,644 [INFO] apscheduler.executors.default: Running job "check_breaches (trigger: interval[0:01:00], next run at: 2026-07-18 01:16:44 IST)" (scheduled at 2026-07-18 01:15:44.631308+05:30)
2026-07-18 01:15:44,647 [ERROR] apscheduler.executors.default: Job "check_breaches (trigger: interval[0:01:00], next run at: 2026-07-18 01:16:44 IST)" raised an exception
Traceback (most recent call last):
  File "C:\Users\DELL\AppData\Roaming\Python\Python314\site-packages\apscheduler\executors\base.py", line 125, in run_job
    retval = job.func(*job.args, **job.kwargs)
  File "C:\Projects\Customer issue dashboard\sla.py", line 109, in check_breaches
    now = datetime.now(timezone.utc)
          ^^^^^^^^
NameError: name 'datetime' is not defined. Did you forget to import 'datetime'?
2026-07-18 01:16:44,647 [INFO] apscheduler.executors.default: Running job "check_breaches (trigger: interval[0:01:00], next run at: 2026-07-18 01:17:44 IST)" (scheduled at 2026-07-18 01:16:44.631308+05:30)
2026-07-18 01:16:44,648 [ERROR] apscheduler.executors.default: Job "check_breaches (trigger: interval[0:01:00], next run at: 2026-07-18 01:17:44 IST)" raised an exception
Traceback (most recent call last):
  File "C:\Users\DELL\AppData\Roaming\Python\Python314\site-packages\apscheduler\executors\base.py", line 125, in run_job
    retval = job.func(*job.args, **job.kwargs)
  File "C:\Projects\Customer issue dashboard\sla.py", line 109, in check_breaches
    now = datetime.now(timezone.utc)
          ^^^^^^^^
NameError: name 'datetime' is not defined. Did you forget to import 'datetime'?
2026-07-18 01:17:44,636 [INFO] apscheduler.executors.default: Running job "check_breaches (trigger: interval[0:01:00], next run at: 2026-07-18 01:18:44 IST)" (scheduled at 2026-07-18 01:17:44.631308+05:30)
2026-07-18 01:17:44,638 [ERROR] apscheduler.executors.default: Job "check_breaches (trigger: interval[0:01:00], next run at: 2026-07-18 01:18:44 IST)" raised an exception
Traceback (most recent call last):
  File "C:\Users\DELL\AppData\Roaming\Python\Python314\site-packages\apscheduler\executors\base.py", line 125, in run_job
    retval = job.func(*job.args, **job.kwargs)
  File "C:\Projects\Customer issue dashboard\sla.py", line 109, in check_breaches
    now = datetime.now(timezone.utc)
          ^^^^^^^^
NameError: name 'datetime' is not defined. Did you forget to import 'datetime'?
2026-07-18 01:18:44,639 [INFO] apscheduler.executors.default: Running job "check_breaches (trigger: interval[0:01:00], next run at: 2026-07-18 01:19:44 IST)" (scheduled at 2026-07-18 01:18:44.631308+05:30)
2026-07-18 01:18:44,640 [ERROR] apscheduler.executors.default: Job "check_breaches (trigger: interval[0:01:00], next run at: 2026-07-18 01:19:44 IST)" raised an exception
Traceback (most recent call last):
  File "C:\Users\DELL\AppData\Roaming\Python\Python314\site-packages\apscheduler\executors\base.py", line 125, in run_job
    retval = job.func(*job.args, **job.kwargs)
  File "C:\Projects\Customer issue dashboard\sla.py", line 109, in check_breaches
    now = datetime.now(timezone.utc)
          ^^^^^^^^
NameError: name 'datetime' is not defined. Did you forget to import 'datetime'?
2026-07-18 01:19:44,636 [INFO] apscheduler.executors.default: Running job "check_breaches (trigger: interval[0:01:00], next run at: 2026-07-18 01:20:44 IST)" (scheduled at 2026-07-18 01:19:44.631308+05:30)
2026-07-18 01:19:44,638 [ERROR] apscheduler.executors.default: Job "check_breaches (trigger: interval[0:01:00], next run at: 2026-07-18 01:20:44 IST)" raised an exception
Traceback (most recent call last):
  File "C:\Users\DELL\AppData\Roaming\Python\Python314\site-packages\apscheduler\executors\base.py", line 125, in run_job
    retval = job.func(*job.args, **job.kwargs)
  File "C:\Projects\Customer issue dashboard\sla.py", line 109, in check_breaches
    now = datetime.now(timezone.utc)
          ^^^^^^^^
NameError: name 'datetime' is not defined. Did you forget to import 'datetime'?
2026-07-18 01:20:44,643 [INFO] apscheduler.executors.default: Running job "check_breaches (trigger: interval[0:01:00], next run at: 2026-07-18 01:21:44 IST)" (scheduled at 2026-07-18 01:20:44.631308+05:30)
2026-07-18 01:20:44,645 [ERROR] apscheduler.executors.default: Job "check_breaches (trigger: interval[0:01:00], next run at: 2026-07-18 01:21:44 IST)" raised an exception
Traceback (most recent call last):
  File "C:\Users\DELL\AppData\Roaming\Python\Python314\site-packages\apscheduler\executors\base.py", line 125, in run_job
    retval = job.func(*job.args, **job.kwargs)
  File "C:\Projects\Customer issue dashboard\sla.py", line 109, in check_breaches
    now = datetime.now(timezone.utc)
          ^^^^^^^^
NameError: name 'datetime' is not defined. Did you forget to import 'datetime'?
2026-07-18 01:21:44,646 [INFO] apscheduler.executors.default: Running job "check_breaches (trigger: interval[0:01:00], next run at: 2026-07-18 01:22:44 IST)" (scheduled at 2026-07-18 01:21:44.631308+05:30)
2026-07-18 01:21:44,647 [ERROR] apscheduler.executors.default: Job "check_breaches (trigger: interval[0:01:00], next run at: 2026-07-18 01:22:44 IST)" raised an exception
Traceback (most recent call last):
  File "C:\Users\DELL\AppData\Roaming\Python\Python314\site-packages\apscheduler\executors\base.py", line 125, in run_job
    retval = job.func(*job.args, **job.kwargs)
  File "C:\Projects\Customer issue dashboard\sla.py", line 109, in check_breaches
    now = datetime.now(timezone.utc)
          ^^^^^^^^
NameError: name 'datetime' is not defined. Did you forget to import 'datetime'?
2026-07-18 01:22:44,640 [INFO] apscheduler.executors.default: Running job "check_breaches (trigger: interval[0:01:00], next run at: 2026-07-18 01:23:44 IST)" (scheduled at 2026-07-18 01:22:44.631308+05:30)
2026-07-18 01:22:44,641 [ERROR] apscheduler.executors.default: Job "check_breaches (trigger: interval[0:01:00], next run at: 2026-07-18 01:23:44 IST)" raised an exception
Traceback (most recent call last):
  File "C:\Users\DELL\AppData\Roaming\Python\Python314\site-packages\apscheduler\executors\base.py", line 125, in run_job
    retval = job.func(*job.args, **job.kwargs)
  File "C:\Projects\Customer issue dashboard\sla.py", line 109, in check_breaches
    now = datetime.now(timezone.utc)
          ^^^^^^^^
NameError: name 'datetime' is not defined. Did you forget to import 'datetime'?
2026-07-18 01:23:44,643 [INFO] apscheduler.executors.default: Running job "check_breaches (trigger: interval[0:01:00], next run at: 2026-07-18 01:24:44 IST)" (scheduled at 2026-07-18 01:23:44.631308+05:30)
2026-07-18 01:23:44,645 [ERROR] apscheduler.executors.default: Job "check_breaches (trigger: interval[0:01:00], next run at: 2026-07-18 01:24:44 IST)" raised an exception
Traceback (most recent call last):
  File "C:\Users\DELL\AppData\Roaming\Python\Python314\site-packages\apscheduler\executors\base.py", line 125, in run_job
    retval = job.func(*job.args, **job.kwargs)
  File "C:\Projects\Customer issue dashboard\sla.py", line 109, in check_breaches
    now = datetime.now(timezone.utc)
          ^^^^^^^^
NameError: name 'datetime' is not defined. Did you forget to import 'datetime'?
2026-07-18 01:24:44,644 [INFO] apscheduler.executors.default: Running job "check_breaches (trigger: interval[0:01:00], next run at: 2026-07-18 01:25:44 IST)" (scheduled at 2026-07-18 01:24:44.631308+05:30)
2026-07-18 01:24:44,645 [ERROR] apscheduler.executors.default: Job "check_breaches (trigger: interval[0:01:00], next run at: 2026-07-18 01:25:44 IST)" raised an exception
Traceback (most recent call last):
  File "C:\Users\DELL\AppData\Roaming\Python\Python314\site-packages\apscheduler\executors\base.py", line 125, in run_job
    retval = job.func(*job.args, **job.kwargs)
  File "C:\Projects\Customer issue dashboard\sla.py", line 109, in check_breaches
    now = datetime.now(timezone.utc)
          ^^^^^^^^
NameError: name 'datetime' is not defined. Did you forget to import 'datetime'?
2026-07-18 01:25:44,639 [INFO] apscheduler.executors.default: Running job "check_breaches (trigger: interval[0:01:00], next run at: 2026-07-18 01:26:44 IST)" (scheduled at 2026-07-18 01:25:44.631308+05:30)
2026-07-18 01:25:44,641 [ERROR] apscheduler.executors.default: Job "check_breaches (trigger: interval[0:01:00], next run at: 2026-07-18 01:26:44 IST)" raised an exception
Traceback (most recent call last):
  File "C:\Users\DELL\AppData\Roaming\Python\Python314\site-packages\apscheduler\executors\base.py", line 125, in run_job
    retval = job.func(*job.args, **job.kwargs)
  File "C:\Projects\Customer issue dashboard\sla.py", line 109, in check_breaches
    now = datetime.now(timezone.utc)
          ^^^^^^^^
NameError: name 'datetime' is not defined. Did you forget to import 'datetime'?
2026-07-18 01:26:44,640 [INFO] apscheduler.executors.default: Running job "check_breaches (trigger: interval[0:01:00], next run at: 2026-07-18 01:27:44 IST)" (scheduled at 2026-07-18 01:26:44.631308+05:30)
2026-07-18 01:26:44,642 [ERROR] apscheduler.executors.default: Job "check_breaches (trigger: interval[0:01:00], next run at: 2026-07-18 01:27:44 IST)" raised an exception
Traceback (most recent call last):
  File "C:\Users\DELL\AppData\Roaming\Python\Python314\site-packages\apscheduler\executors\base.py", line 125, in run_job
    retval = job.func(*job.args, **job.kwargs)
  File "C:\Projects\Customer issue dashboard\sla.py", line 109, in check_breaches
    now = datetime.now(timezone.utc)
          ^^^^^^^^
NameError: name 'datetime' is not defined. Did you forget to import 'datetime'?
